// Vitest Snapshot v1, https://vitest.dev/guide/snapshot.html

exports[`defaultChatsCollection > produces the base config shape 1`] = `
{
  "access": {
    "create": [Function],
    "delete": [Function],
    "read": [Function],
    "update": [Function],
  },
  "admin": {
    "group": "Chat",
    "icon": "bubble-chat",
    "useAsTitle": "title",
    "views": [
      {
        "defaultFields": [
          "title",
          "user",
          "agent",
          "channel",
          "lastMessageAt",
        ],
        "type": "list",
      },
    ],
  },
  "fields": [
    {
      "name": "title",
      "type": "text",
    },
    {
      "hooks": {
        "beforeChange": [
          [Function],
        ],
      },
      "index": true,
      "name": "user",
      "relationTo": "users",
      "type": "relationship",
    },
    {
      "index": true,
      "name": "agent",
      "type": "text",
    },
    {
      "admin": {
        "components": {
          "Cell": "@frogbotai/next/client#ChannelCell",
        },
      },
      "index": true,
      "name": "channel",
      "type": "text",
    },
    {
      "index": true,
      "name": "externalId",
      "type": "text",
    },
    {
      "admin": {
        "hidden": true,
      },
      "name": "channelKey",
      "type": "text",
      "unique": true,
    },
    {
      "index": true,
      "name": "lastMessageAt",
      "type": "date",
    },
    {
      "name": "todos",
      "type": "json",
      "typescriptSchema": [
        [Function],
      ],
    },
  ],
  "slug": "chats",
  "trash": true,
}
`;
