// Vitest Snapshot v1, https://vitest.dev/guide/snapshot.html

exports[`defaultMessagesCollection > produces the base config shape 1`] = `
{
  "access": {
    "create": [Function],
    "delete": [Function],
    "read": [Function],
    "update": [Function],
  },
  "admin": {
    "group": "Chat",
    "icon": "bubble-chat",
    "views": [
      {
        "defaultFields": [
          "chat",
          "role",
          "createdAt",
        ],
        "type": "list",
      },
    ],
  },
  "fields": [
    {
      "name": "id",
      "required": true,
      "type": "text",
    },
    {
      "index": true,
      "name": "chat",
      "relationTo": "chats",
      "required": true,
      "type": "relationship",
    },
    {
      "name": "role",
      "options": [
        "user",
        "assistant",
        "system",
      ],
      "required": true,
      "type": "select",
    },
    {
      "name": "parts",
      "required": true,
      "type": "json",
      "typescriptSchema": [
        [Function],
      ],
    },
    {
      "name": "metadata",
      "type": "json",
    },
    {
      "access": {
        "create": [Function],
        "update": [Function],
      },
      "defaultValue": "active",
      "index": true,
      "name": "status",
      "options": [
        "active",
        "queued",
      ],
      "type": "select",
    },
    {
      "access": {
        "create": [Function],
        "update": [Function],
      },
      "name": "delivery",
      "options": [
        "queue",
        "steer",
      ],
      "type": "select",
    },
    {
      "access": {
        "create": [Function],
        "update": [Function],
      },
      "name": "author",
      "type": "json",
      "typescriptSchema": [
        [Function],
      ],
    },
    {
      "access": {
        "create": [Function],
        "update": [Function],
      },
      "admin": {
        "hidden": true,
      },
      "name": "settlements",
      "type": "json",
      "typescriptSchema": [
        [Function],
      ],
    },
    {
      "access": {
        "create": [Function],
        "update": [Function],
      },
      "admin": {
        "hidden": true,
      },
      "defaultValue": 0,
      "name": "version",
      "type": "number",
    },
    {
      "access": {
        "create": [Function],
        "update": [Function],
      },
      "fields": [
        {
          "name": "inputTokens",
          "type": "number",
        },
        {
          "name": "outputTokens",
          "type": "number",
        },
        {
          "name": "totalTokens",
          "type": "number",
        },
        {
          "name": "reasoningTokens",
          "type": "number",
        },
        {
          "name": "cachedInputTokens",
          "type": "number",
        },
        {
          "name": "model",
          "type": "text",
        },
        {
          "name": "provider",
          "type": "text",
        },
      ],
      "name": "usage",
      "type": "group",
    },
  ],
  "hooks": {
    "beforeChange": [
      [Function],
    ],
  },
  "slug": "messages",
  "trash": true,
}
`;
