// Vitest Snapshot v1, https://vitest.dev/guide/snapshot.html

exports[`defaultFilesCollection > produces the base config shape 1`] = `
{
  "access": {
    "create": [Function],
    "delete": [Function],
    "read": [Function],
    "update": [Function],
  },
  "admin": {
    "icon": "file",
    "useAsTitle": "filename",
    "views": [
      {
        "defaultFields": [
          "filename",
          "mimeType",
          "filesize",
          "updatedAt",
        ],
        "type": "list",
      },
    ],
  },
  "fields": [],
  "folders": true,
  "slug": "files",
  "trash": true,
  "upload": true,
}
`;
